// Jest Snapshot v1, https://goo.gl/fbAQLP

exports[`Conference Based Tests matches Snapshot Collectly 1`] = `
<div
  style={
    Object {
      "background": "linear-gradient(to bottom, white, 84%, #1089AF)",
    }
  }
>
  <Header />
  <Container
    fluid={false}
  >
    <Row
      className="d-flex justify-content-center arighn-item-center"
      noGutters={false}
    >
      <Col
        className="d-flex justify-content-center"
      >
        <Jumbotron
          fluid={false}
          style={
            Object {
              "background": "linear-gradient(to bottom, white , 80%, #1089AF )",
              "borderRadius": "10px",
              "width": "90%",
            }
          }
        >
          <Form
            className="form"
            inline={false}
            onSubmit={[Function]}
            style={Object {}}
          >
            <h2
              className="text-center mb-5 text-secondary"
            >
              Conference Based Research Information
            </h2>
            <FormGroup>
              <FormLabel
                column={false}
                srOnly={false}
              >
                Conference name
              </FormLabel>
              <FormControl
                id="name"
                onChange={[Function]}
                placeholder="Enter The Name Of The Conference"
                required={true}
                type="text"
                value=""
              />
            </FormGroup>
            <FormGroup>
              <FormLabel
                column={false}
                srOnly={false}
              >
                Conference Theme
              </FormLabel>
              <FormControl
                id="theme"
                onChange={[Function]}
                placeholder="Enter Conference Theme "
                required={true}
                type="text"
                value=""
              />
            </FormGroup>
            <FormGroup>
              <FormLabel
                column={false}
                srOnly={false}
              >
                Orgnizer's Name
              </FormLabel>
              <FormControl
                id="organizer"
                onChange={[Function]}
                placeholder="Enter Orgnizer's Name"
                required={true}
                type="text"
                value=""
              />
            </FormGroup>
            <Row
              noGutters={false}
            >
              <Col>
                <FormGroup
                  controlId="dob"
                >
                  <FormLabel
                    column={false}
                    srOnly={false}
                  >
                    Select Conference Date
                  </FormLabel>
                  <FormControl
                    id="date"
                    name="dos"
                    onChange={[Function]}
                    placeholder="Conference Date"
                    required={true}
                    type="date"
                    value=""
                  />
                </FormGroup>
              </Col>
              <Col>
                <FormGroup>
                  <FormLabel
                    column={false}
                    srOnly={false}
                  >
                     Place
                  </FormLabel>
                  <FormControl
                    id="place"
                    name="dos"
                    onChange={[Function]}
                    placeholder="Enter Conference Location"
                    required={true}
                    type="text"
                    value=""
                  />
                </FormGroup>
              </Col>
            </Row>
            <Row
              noGutters={false}
            >
              <Col>
                <FormGroup
                  controlId=""
                >
                  <FormLabel
                    column={false}
                    srOnly={false}
                  >
                    Chapter Pages
                  </FormLabel>
                  <FormControl
                    id="page"
                    name=""
                    onChange={[Function]}
                    placeholder="Enter The Number Of Pages"
                    required={true}
                    type="Number"
                    value=""
                  />
                </FormGroup>
              </Col>
              <Col>
                <FormGroup>
                  <FormLabel
                    column={false}
                    srOnly={false}
                  >
                    ISBN
                  </FormLabel>
                  <FormControl
                    id="isbn"
                    name=""
                    onChange={[Function]}
                    placeholder="Enter ISBN"
                    required={true}
                    type="Number"
                    value=""
                  />
                </FormGroup>
              </Col>
            </Row>
            <Col
              className="text-center"
            >
              <Button
                active={false}
                className=""
                disabled={false}
                type="submit"
                variant="primary"
              >
                Create
              </Button>
            </Col>
          </Form>
        </Jumbotron>
      </Col>
    </Row>
  </Container>
</div>
`;
